Traceback (most recent call last):
  File "/home/anthe/software/miniconda3/envs/processing/lib/python3.13/site-packages/jupyter_core/utils/__init__.py", line 154, in wrapped
    asyncio.get_running_loop()
    ~~~~~~~~~~~~~~~~~~~~~~~~^^
RuntimeError: no running event loop

During handling of the above exception, another exception occurred:

Traceback (most recent call last):
  File "/home/anthe/software/miniconda3/envs/processing/lib/python3.13/site-packages/jupyter_cache/executors/utils.py", line 58, in single_nb_execution
    executenb(
    ~~~~~~~~~^
        nb,
        ^^^
    ...<4 lines>...
        **kwargs,
        ^^^^^^^^^
    )
    ^
  File "/home/anthe/software/miniconda3/envs/processing/lib/python3.13/site-packages/nbclient/client.py", line 1319, in execute
    return NotebookClient(nb=nb, resources=resources, km=km, **kwargs).execute()
           ~~~~~~~~~~~~~~~~~~~~~~~~~~~~~~~~~~~~~~~~~~~~~~~~~~~~~~~~~~~~~~~~~~~^^
  File "/home/anthe/software/miniconda3/envs/processing/lib/python3.13/site-packages/jupyter_core/utils/__init__.py", line 158, in wrapped
    return loop.run_until_complete(inner)
           ~~~~~~~~~~~~~~~~~~~~~~~^^^^^^^
  File "/home/anthe/software/miniconda3/envs/processing/lib/python3.13/asyncio/base_events.py", line 725, in run_until_complete
    return future.result()
           ~~~~~~~~~~~~~^^
  File "/home/anthe/software/miniconda3/envs/processing/lib/python3.13/site-packages/nbclient/client.py", line 709, in async_execute
    await self.async_execute_cell(
        cell, index, execution_count=self.code_cells_executed + 1
    )
  File "/home/anthe/software/miniconda3/envs/processing/lib/python3.13/site-packages/nbclient/client.py", line 1062, in async_execute_cell
    await self._check_raise_for_error(cell, cell_index, exec_reply)
  File "/home/anthe/software/miniconda3/envs/processing/lib/python3.13/site-packages/nbclient/client.py", line 918, in _check_raise_for_error
    raise CellExecutionError.from_cell_and_msg(cell, exec_reply_content)
nbclient.exceptions.CellExecutionError: An error occurred while executing the following cell:
------------------
import xarray as xr
import matplotlib.pyplot as plt

# Query specific data
results = db.query(dataset='Cavitte_2020', flight_id='DC_LDC_DIVIDE')

# Get list of files
file_list = db.get_files(results)

# Open and inspect a file with xarray
f = file_list[0]
ds = xr.open_dataset(f, engine='h5netcdf')
print(ds)

# Quick plot of IRH depth vs distance
plt.plot(ds.Distance, ds.IRH_DEPTH)
plt.xlabel('Distance [m]')
plt.ylabel('IRH Depth [m]')
plt.show()
------------------


[31m---------------------------------------------------------------------------[39m
[31mOperationalError[39m                          Traceback (most recent call last)
[36mCell[39m[36m [39m[32mIn[13][39m[32m, line 5[39m
[32m      2[39m [38;5;28;01mimport[39;00m[38;5;250m [39m[34;01mmatplotlib[39;00m[34;01m.[39;00m[34;01mpyplot[39;00m[38;5;250m [39m[38;5;28;01mas[39;00m[38;5;250m [39m[34;01mplt[39;00m
[32m      4[39m [38;5;66;03m# Query specific data[39;00m
[32m----> [39m[32m5[39m results = [43mdb[49m[43m.[49m[43mquery[49m[43m([49m[43mdataset[49m[43m=[49m[33;43m'[39;49m[33;43mCavitte_2020[39;49m[33;43m'[39;49m[43m,[49m[43m [49m[43mflight_id[49m[43m=[49m[33;43m'[39;49m[33;43mDC_LDC_DIVIDE[39;49m[33;43m'[39;49m[43m)[49m
[32m      7[39m [38;5;66;03m# Get list of files[39;00m
[32m      8[39m file_list = db.get_files(results)

[36mFile [39m[32m~/projects/phd/python/anta_database/anta_database/database/database.py:624[39m, in [36mDatabase.query[39m[34m(self, age, var, dataset, institute, project, acquisition_year, flight_id, region, IMBIE_basin, radar_instrument, retain_query)[39m
[32m    608[39m         age = [38;5;28mstr[39m(age)
[32m    610[39m query, params = [38;5;28mself[39m._build_query_and_params(
[32m    611[39m     age,
[32m    612[39m     var,
[32m   (...)[39m[32m    621[39m     select_clause,
[32m    622[39m )
[32m--> [39m[32m624[39m conn = [43msqlite3[49m[43m.[49m[43mconnect[49m[43m([49m[38;5;28;43mself[39;49m[43m.[49m[43m_file_db_path[49m[43m)[49m
[32m    625[39m cursor = conn.cursor()
[32m    626[39m cursor.execute(query, params)

[31mOperationalError[39m: unable to open database file

